2026-09-21T19:44:37.065Z	qa.probe.4lnkpaf@example.test	probe
2026-09-21T19:47:49.378Z	qa.su.20yq9ng@example.test	signup happy
2026-09-21T19:47:50.414Z	qa.lim.4xu64f9@example.test	limits
2026-09-21T19:47:50.585Z	qa.pw.u00msaf@example.test	min valid password
2026-09-21T19:47:51.416Z	qa.dup.7q90c59@example.test	dup
2026-09-21T19:47:52.043Z	qa.si.9ofdz59@example.test	si
2026-09-21T19:47:53.547Z	qa.tm.nkvlltn@example.test	tm
2026-09-21T19:47:56.950Z	qa.si2.0su8ba0@example.test	si2
2026-09-21T19:47:58.528Z	qa.bf.yk3dgju@example.test	bf
2026-09-21T19:48:05.639Z	qa.ck.1qw6zjo@example.test	ck
2026-09-21T19:48:06.185Z	qa.lo.tvc58m2@example.test	lo
2026-09-21T19:48:07.025Z	qa.tc.eik1zdo@example.test	tc
2026-09-21T19:48:08.018Z	qa.ind.e3kwjwv@example.test	ind
2026-09-21T19:48:18.307Z	qa.rv.3m0312p@example.test	rv
2026-09-21T19:48:25.341Z	qa.fp.xvvcp2s@example.test	fp
2026-09-21T19:48:26.300Z	qa.fp2.biensy3@example.test	fp2
2026-09-21T19:48:27.379Z	qa.rs.a9gecs3@example.test	rs
2026-09-21T19:48:30.305Z	qa.rs2.oeu419g@example.test	rs2
2026-09-21T19:48:33.659Z	qa.xss.xensytn@example.test	xss
2026-09-21T19:48:34.129Z	qa.after-sqli.jn5ub58@example.test	after-sqli
2026-09-21T19:48:34.544Z	qa.sqlpw.wh7wbky@example.test	sqlpw
2026-09-21T19:48:35.535Z	qa.err.ehorimv@example.test	err
2026-09-21T19:48:58.137Z	qa.probe2.awytqtu@example.test	probe2
2026-09-21T19:50:43.097Z	qa.pf1.lxppgzn@example.test	pf1
2026-09-21T19:50:44.329Z	qa.pf1b.d9uc2i0@example.test	pf1b
2026-09-21T19:50:46.226Z	qa.pf2.5548iji@example.test	pf2
2026-09-21T19:50:48.000Z	qa.pf2g.o8j4qou@example.test	pf2g
2026-09-21T19:50:49.925Z	qa.pf2p.yivtpju@example.test	pf2p
2026-09-21T19:51:13.717Z	qa.pf2f.6oq9lu2@example.test	pf2f
2026-09-21T19:51:15.081Z	qa.pf2l.qa8r9j6@example.test	pf2l
2026-09-21T19:51:19.499Z	qa.pf3.zf2mqt1@example.test	pf3
2026-09-21T19:51:22.630Z	qa.pf3b.hk5uicl@example.test	pf3b
2026-09-21T19:51:24.498Z	qa.pf3x.xn90t6b@example.test	pf3x
2026-09-21T19:51:26.290Z	qa.pf3s.vljdro9@example.test	pf3s
2026-09-21T19:51:28.767Z	qa.pf4.693lux2@example.test	pf4
2026-09-21T19:51:30.350Z	qa.pf5.v6pgggb@example.test	pf5
2026-09-21T19:51:32.781Z	qa.pf6.irk6xy2@example.test	pf6
2026-09-21T19:51:34.653Z	qa.pf7.tv8o323@example.test	pf7
2026-09-21T19:51:36.611Z	qa.pf8.ox3lqzx@example.test	pf8
2026-09-21T19:51:38.757Z	qa.su.kmaed4o@example.test	signup happy
2026-09-21T19:51:40.556Z	qa.lim.yn1qayf@example.test	limits
2026-09-21T19:51:40.794Z	qa.pw.l9y6nga@example.test	min valid password
2026-09-21T19:51:42.629Z	qa.dup.gdjshq6@example.test	dup
2026-09-21T19:51:44.734Z	qa.si.b8ncspb@example.test	si
2026-09-21T19:51:48.255Z	qa.tm.va1h8wq@example.test	tm
2026-09-21T19:51:55.006Z	qa.si2.9o8u9un@example.test	si2
2026-09-21T19:51:57.006Z	qa.bf.xyls07e@example.test	bf
2026-09-21T19:52:12.809Z	qa.ck.2dl26zi@example.test	ck
2026-09-21T19:52:13.876Z	qa.lo.sgj49np@example.test	lo
2026-09-21T19:52:15.685Z	qa.tc.5bg6k9q@example.test	tc
2026-09-21T19:52:17.281Z	qa.ind.3db0tnv@example.test	ind
2026-09-21T19:52:26.727Z	qa.rv.wsf9m5i@example.test	rv
2026-09-21T19:52:30.351Z	qa.fp.lszhwee@example.test	fp
2026-09-21T19:52:31.110Z	qa.fp2.uwacj4m@example.test	fp2
2026-09-21T19:52:32.115Z	qa.rs.lkuj4n1@example.test	rs
2026-09-21T19:52:35.360Z	qa.rs2.mptruhk@example.test	rs2
2026-09-21T19:52:38.872Z	qa.xss.2qb8f6f@example.test	xss
2026-09-21T19:52:39.419Z	qa.after-sqli.u72hoqs@example.test	after-sqli
2026-09-21T19:52:39.979Z	qa.sqlpw.orcwhkk@example.test	sqlpw
2026-09-21T19:52:41.772Z	qa.err.f9f4lbh@example.test	err
2026-09-21T19:53:04.734Z	qa.pf1.izsmtly@example.test	pf1
2026-09-21T19:53:05.945Z	qa.pf1b.1zan404@example.test	pf1b
2026-09-21T19:53:07.247Z	qa.pf2.pp9on5u@example.test	pf2
2026-09-21T19:53:08.208Z	qa.pf2g.bgub6g4@example.test	pf2g
2026-09-21T19:53:08.976Z	qa.pf2p.l8u536g@example.test	pf2p
2026-09-21T19:53:26.927Z	qa.pf2f.8cneyb6@example.test	pf2f
2026-09-21T19:53:28.706Z	qa.pf2l.s1tqmp3@example.test	pf2l
2026-09-21T19:53:31.688Z	qa.pf3.0f07tma@example.test	pf3
2026-09-21T19:53:34.399Z	qa.pf3b.mqpbvdy@example.test	pf3b
2026-09-21T19:53:35.516Z	qa.pf3x.wwxdlo3@example.test	pf3x
2026-09-21T19:53:36.699Z	qa.pf3s.dkcrm8l@example.test	pf3s
2026-09-21T19:53:38.049Z	qa.pf4.3bjkh7x@example.test	pf4
2026-09-21T19:53:39.427Z	qa.pf5.ugh2idj@example.test	pf5
2026-09-21T19:53:41.272Z	qa.pf6.02bcs61@example.test	pf6
2026-09-21T19:53:43.070Z	qa.pf7.h035g18@example.test	pf7
2026-09-21T19:53:45.086Z	qa.pf8.qgqwu4c@example.test	pf8
2026-09-21T19:54:30.221Z	qa.probe3.na6go77@example.test	probe3
2026-09-22T00:06:22.408Z	qa.inv.eundeht@example.test	inv
2026-09-22T00:10:45.449Z	qa.inv.m0bi9zt@example.test	inv
2026-09-22T00:14:34.447Z	qa.inv.4g4e6nm@example.test	inv
2026-09-22T00:15:43.098Z	qa.inv.qenc0rn@example.test	inv
2026-09-22T00:16:08.637Z	qa.probe4.tc2njmt@example.test	probe4
2026-09-22T00:16:24.941Z	qa.inv.i0aerwe@example.test	inv
2026-09-22T00:16:38.021Z	qa.inv.jrh922z@example.test	inv
2026-09-22T00:18:15.400Z	qa.azA.hjcjac6@example.test	azA
2026-09-22T00:18:15.910Z	qa.azB.dqvkzaq@example.test	azB
2026-09-22T00:18:17.006Z	qa.hzA.r8x4lw8@example.test	hzA
2026-09-22T00:18:17.399Z	qa.hzB.qp5voml@example.test	hzB
2026-09-22T00:18:18.774Z	qa.hist.oie79ph@example.test	hist
2026-09-22T00:18:21.052Z	qa.hist2.csgt8nw@example.test	hist2
2026-09-22T00:18:23.228Z	qa.hist3.fg00f0o@example.test	hist3
2026-09-22T00:18:25.029Z	qa.richpf.4kp9mvv@example.test	richpf
2026-09-22T00:18:25.672Z	qa.emptypf.bsaitr5@example.test	emptypf
2026-09-22T00:18:43.688Z	qa.smuggle.kcotfh9@example.test	smuggle
2026-09-22T00:20:18.008Z	qa.bm.k1ex7cz@example.test	bm
2026-09-22T00:20:44.279Z	qa.bm.4x66cmz@example.test	bm
2026-09-22T00:20:56.439Z	qa.bm.z1jgo2n@example.test	bm
2026-09-22T00:21:16.009Z	qa.probe5.pwxeun1@example.test	probe5
2026-09-22T00:21:54.231Z	qa.probe6.71mnpa7@example.test	probe6
2026-09-22T00:22:10.445Z	qa.probe7.6bz3aky@example.test	probe7
2026-09-22T00:23:44.756Z	qa.fx.tir0r6v@example.test	fx
2026-09-22T00:23:47.198Z	qa.news.atvqi44@example.test	news
2026-09-22T00:23:55.351Z	qa.stocks.vjskto6@example.test	stocks
2026-09-22T00:24:17.781Z	qa.probe8.41hb273@example.test	probe8
2026-09-22T00:24:31.582Z	qa.probe9.frg5z5t@example.test	probe9
2026-09-22T00:24:45.272Z	qa.probe10.bl1vfdv@example.test	probe10
2026-09-22T00:25:12.119Z	qa.news.375ghf3@example.test	news
2026-09-22T00:25:14.916Z	qa.stocks.jxmxofc@example.test	stocks
2026-09-22T00:25:19.857Z	qa.fx.2iw0mae@example.test	fx
2026-09-22T00:25:32.498Z	qa.stocks.1kb2bgc@example.test	stocks
2026-09-22T00:25:48.421Z	qa.stocks.7iz056h@example.test	stocks
2026-09-22T00:41:05.677Z	qa.news.49akb9o@example.test	news
2026-09-22T00:59:09.331Z	qa.pf1.q8upaza@example.test	pf1
2026-09-22T00:59:14.676Z	qa.pf1b.0w9hida@example.test	pf1b
2026-09-22T00:59:28.525Z	qa.pf2.uu2ne38@example.test	pf2
2026-09-22T00:59:29.266Z	qa.pf2g.13s1iaw@example.test	pf2g
2026-09-22T00:59:30.002Z	qa.pf2p.2obv6aq@example.test	pf2p
2026-09-22T01:00:04.326Z	qa.pf2f.0wuwnkl@example.test	pf2f
2026-09-22T01:00:05.491Z	qa.pf2l.ldl695n@example.test	pf2l
2026-09-22T01:00:08.253Z	qa.pf3.f8mnsay@example.test	pf3
2026-09-22T01:00:11.494Z	qa.pf3b.e5jpujt@example.test	pf3b
2026-09-22T01:00:12.627Z	qa.pf3x.k6hm81m@example.test	pf3x
2026-09-22T01:00:13.612Z	qa.pf3s.3frdtj5@example.test	pf3s
2026-09-22T01:00:15.060Z	qa.pf4.ighgfa0@example.test	pf4
2026-09-22T01:00:16.780Z	qa.pf5.wmcxiiq@example.test	pf5
2026-09-22T01:00:20.496Z	qa.pf6.d1n0zge@example.test	pf6
2026-09-22T01:00:21.508Z	qa.pf7.z6pkzzf@example.test	pf7
2026-09-22T01:00:22.640Z	qa.pf8.z1bmvbh@example.test	pf8
2026-09-22T01:00:24.330Z	qa.fx.cc3k6gl@example.test	fx
